<?xml version="1.0" encoding="UTF-8"?>
<program language="IPPcode18">
  <instruction order="1" opcode="CREATEFRAME"/>
  <instruction order="2" opcode="DEFVAR">
    <arg1 type="var">LF@aaa</arg1>
  </instruction>
</program>
